[1m============================= test session starts ==============================[0m
platform cygwin -- Python 3.12.13, pytest-9.1.1, pluggy-1.6.0 -- /usr/bin/python.exe
cachedir: .pytest_cache
metadata: {'Python': '3.12.13', 'Platform': 'MSYS_NT-10.0-26200-3.6.9-01d6c708.x86_64-x86_64-64bit-WindowsPE', 'Packages': {'pytest': '9.1.1', 'pluggy': '1.6.0'}, 'Plugins': {'html': '4.2.0', 'metadata': '3.1.1'}}
rootdir: /c/Users/admin/Downloads/Downloads/DSView-main_2026_4_27cppnb/tests
configfile: pytest.ini
plugins: html-4.2.0, metadata-3.1.1
[1mcollecting ... [0mcollected 183 items

suites/test_01_mcp_protocol.py::TestMcpProtocol::test_initialize_handshake [32mPASSED[0m[32m [  0%][0m
suites/test_01_mcp_protocol.py::TestMcpProtocol::test_tools_list_count [32mPASSED[0m[32m [  1%][0m
suites/test_01_mcp_protocol.py::TestMcpProtocol::test_tools_list_schema [32mPASSED[0m[32m [  1%][0m
suites/test_01_mcp_protocol.py::TestMcpProtocol::test_ping [32mPASSED[0m[32m        [  2%][0m
suites/test_01_mcp_protocol.py::TestMcpProtocol::test_unknown_tool_returns_error [32mPASSED[0m[32m [  2%][0m
suites/test_01_mcp_protocol.py::TestMcpProtocol::test_tool_names_contain_core_tools [32mPASSED[0m[32m [  3%][0m
suites/test_01_mcp_protocol.py::TestMcpProtocol::test_tool_names_contain_batch_a_tools [32mPASSED[0m[32m [  3%][0m
suites/test_01_mcp_protocol.py::TestMcpProtocol::test_tool_names_contain_batch_b_tools [32mPASSED[0m[32m [  4%][0m
suites/test_01_mcp_protocol.py::TestMcpProtocol::test_total_tool_count [31mFAILED[0m[31m [  4%][0m
suites/test_02_device_management.py::TestDeviceManagement::test_get_devices_returns_list [32mPASSED[0m[31m [  5%][0m
suites/test_02_device_management.py::TestDeviceManagement::test_get_devices_contains_demo [32mPASSED[0m[31m [  6%][0m
suites/test_02_device_management.py::TestDeviceManagement::test_get_devices_schema [32mPASSED[0m[31m [  6%][0m
suites/test_02_device_management.py::TestDeviceManagement::test_get_devices_include_simulation [32mPASSED[0m[31m [  7%][0m
suites/test_02_device_management.py::TestDeviceManagement::test_get_devices_has_active_flag [32mPASSED[0m[31m [  7%][0m
suites/test_02_device_management.py::TestDeviceManagement::test_get_channels [32mPASSED[0m[31m [  8%][0m
suites/test_02_device_management.py::TestDeviceManagement::test_get_channels_has_logic_channels [32mPASSED[0m[31m [  8%][0m
suites/test_02_device_management.py::TestDeviceManagement::test_connect_device [32mPASSED[0m[31m [  9%][0m
suites/test_02_device_management.py::TestDeviceManagement::test_connect_invalid_device [32mPASSED[0m[31m [  9%][0m
suites/test_02_device_management.py::TestDeviceManagement::test_disconnect_device [31mFAILED[0m[31m [ 10%][0m
suites/test_02_device_management.py::TestDeviceManagement::test_refresh_device_list [31mFAILED[0m[31m [ 10%][0m
suites/test_03_capture_basic.py::TestCaptureBasic::test_start_capture_minimal [31mFAILED[0m[31m [ 11%][0m
suites/test_03_capture_basic.py::TestCaptureBasic::test_start_capture_logic_config [31mFAILED[0m[31m [ 12%][0m
suites/test_03_capture_basic.py::TestCaptureBasic::test_start_capture_manual_mode [31mFAILED[0m[31m [ 12%][0m
suites/test_03_capture_basic.py::TestCaptureBasic::test_start_capture_timed_mode [31mFAILED[0m[31m [ 13%][0m
